============================= test session starts ==============================
platform darwin -- Python 3.12.6, pytest-8.2.0, pluggy-1.6.0 -- /Users/qichh/py_workspaces/claude_code_0514/playwright-sugon/playwright-sugon/.venv/bin/python3.12
cachedir: .pytest_cache
metadata: {'Python': '3.12.6', 'Platform': 'macOS-26.5-x86_64-i386-64bit', 'Packages': {'pytest': '8.2.0', 'pluggy': '1.6.0'}, 'Plugins': {'assume': '2.4.3', 'repeat': '0.9.3', 'html': '4.1.1', 'metadata': '3.1.1', 'rerunfailures': '14.0', 'Faker': '15.0.0', 'allure-pytest': '2.13.5', 'xdist': '3.6.1', 'anyio': '4.13.0'}}
rootdir: /Users/qichh/py_workspaces/claude_code_0514/playwright-sugon/playwright-sugon
configfile: pytest.ini
plugins: assume-2.4.3, repeat-0.9.3, html-4.1.1, metadata-3.1.1, rerunfailures-14.0, Faker-15.0.0, allure-pytest-2.13.5, xdist-3.6.1, anyio-4.13.0
collecting ... collected 10 items

sugon_web/testcase/network/test_er_connection_create.py::TestERConnectionCreate::test_er_vpc_connection_create[vpc0] 
-------------------------------- live log setup --------------------------------
2026-06-01 10:03:01.168 [INFO] sugon_web.utils.logger: === SETUP START: test_er_vpc_connection_create[vpc0] ===
2026-06-01 10:03:01.200 [INFO] sugon_web.utils.logger: 读取环境 172.22.1.190 的特定配置
2026-06-01 10:03:01.200 [INFO] sugon_web.utils.logger: 生成 base_url: https://172.22.1.190:30000
2026-06-01 10:03:01.200 [INFO] sugon_web.utils.logger: 配置命令行参数 headless=True
2026-06-01 10:03:01.200 [INFO] sugon_web.utils.logger: 测试配置加载完成: {'browser': 'chromium', 'headless': True, 'timeout': 10000, 'slow_mo': 0, 'host': '172.22.1.190', 'stor': 'ceph', 'data': 'Autotest', 'username': 'admin', 'password': 'keystone_sugon', 'image_source': 'http://172.22.5.66:9090', 'image': 'centos7.9_test.raw', 'pkey': 'pkey_scloudadmin', 'network': 'public_net(基础版)', 'xstor': 'iscsi_helper=lioadm\nvolume_group=cinder-volumes\nthin_provision=1\nsrv_port=3260\nusername=optadmin\npassword=NzBfMTA1XzExNF8xMTBfMTE1XzY5XzU0XzU1XzU2\niscsi_restful_ip=172.22.1.61\niscsi_svip=172.22.88.60\nstorage_pool_id=5', 'public_net': {'segment_id': 202, 'cidr': '172.22.11.128/25', 'gateway_ip': '172.22.11.254'}, 'base_url': 'https://172.22.1.190:30000'}
2026-06-01 10:03:01.376 [INFO] paramiko.transport: Connected (version 2.0, client OpenSSH_9.8)
2026-06-01 10:03:01.728 [INFO] paramiko.transport: Authentication (publickey) successful!
2026-06-01 10:03:01.729 [INFO] sugon_web.utils.logger: Connected successfully to server 172.22.1.190
2026-06-01 10:03:01.729 [INFO] sugon_web.utils.logger: 开始获取补丁版本信息...
2026-06-01 10:03:01.729 [INFO] sugon_web.utils.logger: Executing command: sudo kubectl get no -owide
2026-06-01 10:03:03.130 [INFO] sugon_web.utils.logger: Command exited with return code 0
2026-06-01 10:03:03.130 [INFO] sugon_web.utils.logger: Command output: 
                                                       NAME                   STATUS   ROLES                         AGE   VERSION   INTERNAL-IP     EXTERNAL-IP   OS-IMAGE                                  KERNEL-VERSION                    CONTAINER-RUNTIME
                                                       master01.cloud.local   Ready    control-plane,master,worker   16d   v1.20.4   100.126.240.1   <none>        Kylin Linux Advanced Server V10 (Lance)   4.19.90-89.19.v2401.ky10.x86_64   docker://20.10.12
2026-06-01 10:03:03.130 [INFO] sugon_web.utils.logger: Executing command: ssh -o StrictHostKeyChecking=no 100.126.240.1 cat /opt/extra/init-base/patch_release_version
2026-06-01 10:03:04.568 [INFO] sugon_web.utils.logger: Command exited with return code 0
2026-06-01 10:03:04.568 [INFO] sugon_web.utils.logger: Command output: 
                                                       TYPE: base
                                                       VERSION: 8.0.6.0
                                                       BUILD_TIME: 20260527_203046
                                                       REQUIRE_VERSION: 8.0.5.630
                                                       REQUIRE_BUILDVERSION: 20260309_192357
2026-06-01 10:03:04.568 [INFO] sugon_web.utils.logger: 成功从 /opt/extra/init-base/patch_release_version 获取版本信息
2026-06-01 10:03:04.568 [INFO] sugon_web.utils.logger: Executing command: arch
2026-06-01 10:03:05.119 [INFO] sugon_web.utils.logger: Command exited with return code 0
2026-06-01 10:03:05.119 [INFO] sugon_web.utils.logger: Command output: 
                                                       x86_64
2026-06-01 10:03:05.120 [INFO] sugon_web.utils.logger: 开始获取物理机节点信息...
2026-06-01 10:03:05.121 [INFO] sugon_web.utils.logger: Executing command: scli aggregate list | grep Autotest | awk '{print $6}'
2026-06-01 10:03:05.954 [INFO] sugon_web.utils.logger: Command exited with return code 0
2026-06-01 10:03:05.954 [INFO] sugon_web.utils.logger: Command output: 
                                                       Autotest(1)
2026-06-01 10:03:05.955 [INFO] sugon_web.utils.logger: Executing command: hostname
2026-06-01 10:03:06.661 [INFO] sugon_web.utils.logger: Command exited with return code 0
2026-06-01 10:03:06.661 [INFO] sugon_web.utils.logger: Command output: 
                                                       master01.cloud.local
2026-06-01 10:03:06.661 [INFO] sugon_web.utils.logger: Executing command: ssh -o StrictHostKeyChecking=no master01 "cat /opt/extra/init-base/env/env.yaml | grep deploy_mode"
2026-06-01 10:03:08.036 [INFO] sugon_web.utils.logger: Command exited with return code 0
2026-06-01 10:03:08.036 [INFO] sugon_web.utils.logger: Command output: 
                                                         deploy_mode: stack
2026-06-01 10:03:08.036 [INFO] sugon_web.utils.logger: 开始初始化浏览器: type=chromium, headless=True
2026-06-01 10:03:08.563 [INFO] sugon_web.utils.logger: 启动浏览器...
2026-06-01 10:03:09.910 [INFO] sugon_web.utils.logger: 浏览器 chromium 启动成功
2026-06-01 10:03:09.919 [INFO] sugon_web.utils.logger: 浏览器上下文创建成功
2026-06-01 10:03:09.920 [INFO] sugon_web.utils.logger: 创建新页面...
2026-06-01 10:03:10.025 [INFO] sugon_web.utils.logger: 页面创建成功
2026-06-01 10:03:10.025 [INFO] sugon_web.utils.logger: 导航到目标URL: https://172.22.1.190:30000
2026-06-01 10:03:10.476 [INFO] sugon_web.utils.logger: 页面导航完成，当前URL: https://172.22.1.190:30000/
2026-06-01 10:03:15.542 [INFO] sugon_web.utils.logger: 页面导航完成，当前URL: https://172.22.1.190:30000/#/login
2026-06-01 10:03:18.845 [INFO] sugon_web.utils.logger: 登录成功
2026-06-01 10:03:18.858 [INFO] sugon_web.utils.logger: 发现未关闭的对话框，正在关闭...
2026-06-01 10:03:19.504 [INFO] sugon_web.utils.logger: 通过 URL 直达服务成功: 虚拟私有云 -> https://172.22.1.190:30000/vpc
2026-06-01 10:03:29.073 [INFO] sugon_web.utils.logger: 成功导航到子菜单: 虚拟私有云
2026-06-01 10:03:31.848 [INFO] sugon_web.utils.logger: 创建虚拟私有云成功, VPC: autotest-cet, 子网: autotest-05n36, acl: None
2026-06-01 10:03:34.739 [INFO] sugon_web.utils.logger: 断言通过: 成功弹窗出现, 文案包含 '创建虚拟私有云成功'
2026-06-01 10:03:34.778 [INFO] sugon_web.utils.logger: 通过遍历找到 'autotest-cet' 的精确匹配行
2026-06-01 10:03:34.782 [INFO] sugon_web.utils.logger: 资源状态验证成功: autotest-cet -> 运行
2026-06-01 10:03:34.783 [INFO] sugon_web.utils.logger: 创建新页面...
2026-06-01 10:03:34.815 [INFO] sugon_web.utils.logger: 页面创建成功
2026-06-01 10:03:34.815 [INFO] sugon_web.utils.logger: 导航到目标URL: https://172.22.1.190:30000
2026-06-01 10:03:35.087 [INFO] sugon_web.utils.logger: 页面导航完成，当前URL: https://172.22.1.190:30000/
2026-06-01 10:03:41.361 [INFO] sugon_web.utils.logger: 页面导航完成，当前URL: https://172.22.1.190:30000/#/index
-------------------------------- live log call ---------------------------------
2026-06-01 10:03:41.365 [INFO] sugon_web.utils.logger: === CALL START: test_er_vpc_connection_create[vpc0] ===
2026-06-01 10:03:55.175 [INFO] sugon_web.utils.logger: 断言通过: 成功弹窗出现
2026-06-01 10:03:55.176 [INFO] sugon_web.utils.logger: HA ER er-ha-autotest-yur7 创建提交成功
2026-06-01 10:06:00.536 [INFO] sugon_web.utils.logger: 成功找到资源操作行: er-ha-autotest-yur7
2026-06-01 10:06:00.543 [INFO] sugon_web.utils.logger: 定位资源的目标行: er-ha-autotest-yur7
2026-06-01 10:06:00.543 [INFO] sugon_web.utils.logger: 定位资源的操作按钮: er-ha-autotest-yur7
2026-06-01 10:06:01.659 [INFO] sugon_web.utils.logger: 点击下拉菜单操作选项: er-ha-autotest-yur7 -> 管理连接 (使用 class 选择器)
2026-06-01 10:06:04.226 [ERROR] sugon_web.utils.logger: 点击资源操作选项失败: er-vpc-conn-autotest-fyve -> 删除, 错误: 未找到名称为 'er-vpc-conn-autotest-fyve' 的数据行
2026-06-01 10:06:04.226 [WARNING] sugon_web.utils.logger: 删除连接失败: 未找到名称为 'er-vpc-conn-autotest-fyve' 的数据行
2026-06-01 10:06:06.301 [INFO] sugon_web.utils.logger: 成功找到资源操作行: er-ha-autotest-yur7
2026-06-01 10:06:06.308 [INFO] sugon_web.utils.logger: 定位资源的目标行: er-ha-autotest-yur7
2026-06-01 10:06:06.308 [INFO] sugon_web.utils.logger: 定位资源的操作按钮: er-ha-autotest-yur7
2026-06-01 10:06:07.421 [INFO] sugon_web.utils.logger: 点击下拉菜单操作选项: er-ha-autotest-yur7 -> 删除 (使用 class 选择器)
2026-06-01 10:06:12.490 [INFO] sugon_web.utils.logger: 资源从列表中删除成功: er-ha-autotest-yur7
2026-06-01 10:06:12.491 [INFO] sugon_web.utils.logger: ER er-ha-autotest-yur7 删除成功
2026-06-01 10:06:12.530 [ERROR] sugon_web.utils.logger: 测试失败: test_er_vpc_connection_create[vpc0]
2026-06-01 10:06:12.531 [INFO] sugon_web.utils.logger: 开始生成失败截图
2026-06-01 10:06:12.632 [INFO] sugon_web.utils.logger: 截图保存成功: /Users/qichh/py_workspaces/claude_code_0514/playwright-sugon/playwright-sugon/screenshots/test_er_vpc_connection_create[vpc0]_20260601_100612.png
2026-06-01 10:06:12.632 [ERROR] sugon_web.utils.logger: 测试失败详情:
                                                        测试失败时间: 2026-06-01 10:06:12
                                                        测试用例名称: test_er_vpc_connection_create[vpc0]
                                                        失败阶段: call
                                                        当前页面URL: https://172.22.1.190:30000/vpc/#/vpc-er-list
2026-06-01 10:06:12.632 [INFO] sugon_web.utils.logger: 失败截图已保存并添加到 Allure 报告: /Users/qichh/py_workspaces/claude_code_0514/playwright-sugon/playwright-sugon/screenshots/test_er_vpc_connection_create[vpc0]_20260601_100612.png
FAILED                                                                   [ 10%]
------------------------------ live log teardown -------------------------------
2026-06-01 10:06:12.633 [INFO] sugon_web.utils.logger: === TEARDOWN START: test_er_vpc_connection_create[vpc0] ===
2026-06-01 10:06:12.638 [INFO] sugon_web.utils.logger: 页面已关闭

sugon_web/testcase/network/test_er_connection_create.py::TestERConnectionCreate::test_er_er_connection_create[vpc0] 
-------------------------------- live log setup --------------------------------
2026-06-01 10:06:12.640 [INFO] sugon_web.utils.logger: === SETUP START: test_er_er_connection_create[vpc0] ===
2026-06-01 10:06:12.640 [INFO] sugon_web.utils.logger: 创建新页面...
2026-06-01 10:06:12.677 [INFO] sugon_web.utils.logger: 页面创建成功
2026-06-01 10:06:12.677 [INFO] sugon_web.utils.logger: 导航到目标URL: https://172.22.1.190:30000
2026-06-01 10:06:13.027 [INFO] sugon_web.utils.logger: 页面导航完成，当前URL: https://172.22.1.190:30000/
2026-06-01 10:06:19.607 [INFO] sugon_web.utils.logger: 页面导航完成，当前URL: https://172.22.1.190:30000/#/index
-------------------------------- live log call ---------------------------------
2026-06-01 10:06:19.608 [INFO] sugon_web.utils.logger: === CALL START: test_er_er_connection_create[vpc0] ===
2026-06-01 10:06:37.081 [INFO] sugon_web.utils.logger: 断言通过: 成功弹窗出现
2026-06-01 10:06:37.081 [INFO] sugon_web.utils.logger: HA ER er-ha-autotest-669d 创建提交成功
2026-06-01 10:06:46.217 [INFO] sugon_web.utils.logger: 断言通过: 成功弹窗出现
2026-06-01 10:06:46.217 [INFO] sugon_web.utils.logger: 非HA ER er-noha-autotest-iubp 创建提交成功
2026-06-01 10:08:50.601 [INFO] sugon_web.utils.logger: 成功找到资源操作行: er-ha-autotest-669d
2026-06-01 10:08:50.608 [INFO] sugon_web.utils.logger: 定位资源的目标行: er-ha-autotest-669d
2026-06-01 10:08:50.609 [INFO] sugon_web.utils.logger: 定位资源的操作按钮: er-ha-autotest-669d
2026-06-01 10:08:51.729 [INFO] sugon_web.utils.logger: 点击下拉菜单操作选项: er-ha-autotest-669d -> 管理连接 (使用 class 选择器)
2026-06-01 10:08:54.396 [ERROR] sugon_web.utils.logger: 点击资源操作选项失败: er1-er2-conn-autotest-43gw -> 删除, 错误: 未找到名称为 'er1-er2-conn-autotest-43gw' 的数据行
2026-06-01 10:08:54.397 [WARNING] sugon_web.utils.logger: 删除HA ER连接失败: 未找到名称为 'er1-er2-conn-autotest-43gw' 的数据行
2026-06-01 10:08:55.474 [INFO] sugon_web.utils.logger: 成功找到资源操作行: er-noha-autotest-iubp
2026-06-01 10:08:55.480 [INFO] sugon_web.utils.logger: 定位资源的目标行: er-noha-autotest-iubp
2026-06-01 10:08:55.480 [INFO] sugon_web.utils.logger: 定位资源的操作按钮: er-noha-autotest-iubp
2026-06-01 10:08:56.596 [INFO] sugon_web.utils.logger: 点击下拉菜单操作选项: er-noha-autotest-iubp -> 管理连接 (使用 class 选择器)
2026-06-01 10:08:59.196 [ERROR] sugon_web.utils.logger: 点击资源操作选项失败: er2-er1-conn-autotest-c8q9 -> 删除, 错误: 未找到名称为 'er2-er1-conn-autotest-c8q9' 的数据行
2026-06-01 10:08:59.197 [WARNING] sugon_web.utils.logger: 删除非HA ER连接失败: 未找到名称为 'er2-er1-conn-autotest-c8q9' 的数据行
2026-06-01 10:09:01.272 [INFO] sugon_web.utils.logger: 成功找到资源操作行: er-noha-autotest-iubp
2026-06-01 10:09:01.278 [INFO] sugon_web.utils.logger: 定位资源的目标行: er-noha-autotest-iubp
2026-06-01 10:09:01.278 [INFO] sugon_web.utils.logger: 定位资源的操作按钮: er-noha-autotest-iubp
2026-06-01 10:09:02.388 [INFO] sugon_web.utils.logger: 点击下拉菜单操作选项: er-noha-autotest-iubp -> 删除 (使用 class 选择器)
2026-06-01 10:09:07.484 [INFO] sugon_web.utils.logger: 资源从列表中删除成功: er-noha-autotest-iubp
2026-06-01 10:09:07.484 [INFO] sugon_web.utils.logger: 非HA ER er-noha-autotest-iubp 删除成功
2026-06-01 10:09:09.561 [INFO] sugon_web.utils.logger: 成功找到资源操作行: er-ha-autotest-669d
2026-06-01 10:09:09.567 [INFO] sugon_web.utils.logger: 定位资源的目标行: er-ha-autotest-669d
2026-06-01 10:09:09.567 [INFO] sugon_web.utils.logger: 定位资源的操作按钮: er-ha-autotest-669d
2026-06-01 10:09:10.663 [INFO] sugon_web.utils.logger: 点击下拉菜单操作选项: er-ha-autotest-669d -> 删除 (使用 class 选择器)
2026-06-01 10:09:15.745 [INFO] sugon_web.utils.logger: 资源从列表中删除成功: er-ha-autotest-669d
2026-06-01 10:09:15.746 [INFO] sugon_web.utils.logger: HA ER er-ha-autotest-669d 删除成功
2026-06-01 10:09:15.751 [ERROR] sugon_web.utils.logger: 测试失败: test_er_er_connection_create[vpc0]
2026-06-01 10:09:15.751 [INFO] sugon_web.utils.logger: 开始生成失败截图
2026-06-01 10:09:15.814 [INFO] sugon_web.utils.logger: 截图保存成功: /Users/qichh/py_workspaces/claude_code_0514/playwright-sugon/playwright-sugon/screenshots/test_er_er_connection_create[vpc0]_20260601_100915.png
2026-06-01 10:09:15.814 [ERROR] sugon_web.utils.logger: 测试失败详情:
                                                        测试失败时间: 2026-06-01 10:09:15
                                                        测试用例名称: test_er_er_connection_create[vpc0]
                                                        失败阶段: call
                                                        当前页面URL: https://172.22.1.190:30000/vpc/#/vpc-er-list
2026-06-01 10:09:15.815 [INFO] sugon_web.utils.logger: 失败截图已保存并添加到 Allure 报告: /Users/qichh/py_workspaces/claude_code_0514/playwright-sugon/playwright-sugon/screenshots/test_er_er_connection_create[vpc0]_20260601_100915.png
FAILED                                                                   [ 20%]
------------------------------ live log teardown -------------------------------
2026-06-01 10:09:15.815 [INFO] sugon_web.utils.logger: === TEARDOWN START: test_er_er_connection_create[vpc0] ===
2026-06-01 10:09:15.818 [INFO] sugon_web.utils.logger: 页面已关闭
2026-06-01 10:09:15.828 [INFO] sugon_web.utils.logger: 当前已在目标服务下，复用现有页面: 虚拟私有云 -> https://172.22.1.190:30000/vpc/#/vpc-network-list
2026-06-01 10:09:16.925 [INFO] sugon_web.utils.logger: 成功导航到子菜单: 虚拟私有云
2026-06-01 10:09:16.944 [INFO] sugon_web.utils.logger: 通过遍历找到 'autotest-cet' 的精确匹配行
2026-06-01 10:09:16.982 [INFO] sugon_web.utils.logger: 通过遍历找到 'autotest-cet' 的精确匹配行
2026-06-01 10:09:16.999 [INFO] sugon_web.utils.logger: 成功找到资源操作行: autotest-cet
2026-06-01 10:09:17.005 [INFO] sugon_web.utils.logger: 定位资源的目标行: autotest-cet
2026-06-01 10:09:17.005 [INFO] sugon_web.utils.logger: 定位资源的操作按钮: autotest-cet
2026-06-01 10:09:18.150 [INFO] sugon_web.utils.logger: 点击下拉菜单操作选项: autotest-cet -> 删除 (使用 class 选择器)
2026-06-01 10:09:19.581 [INFO] sugon_web.utils.logger: 资源从列表中删除成功: autotest-cet
2026-06-01 10:09:23.486 [INFO] sugon_web.utils.logger: 浏览器上下文已关闭

sugon_web/testcase/network/test_er_create.py::TestERCreate::test_er_create_ha 
-------------------------------- live log setup --------------------------------
2026-06-01 10:09:23.488 [INFO] sugon_web.utils.logger: === SETUP START: test_er_create_ha ===
2026-06-01 10:09:23.491 [INFO] sugon_web.utils.logger: 浏览器上下文创建成功
2026-06-01 10:09:23.491 [INFO] sugon_web.utils.logger: 创建新页面...
2026-06-01 10:09:23.521 [INFO] sugon_web.utils.logger: 页面创建成功
2026-06-01 10:09:23.521 [INFO] sugon_web.utils.logger: 导航到目标URL: https://172.22.1.190:30000
2026-06-01 10:09:23.952 [INFO] sugon_web.utils.logger: 页面导航完成，当前URL: https://172.22.1.190:30000/
2026-06-01 10:09:28.438 [INFO] sugon_web.utils.logger: 页面导航完成，当前URL: https://172.22.1.190:30000/#/login
2026-06-01 10:09:31.477 [INFO] sugon_web.utils.logger: 登录成功
2026-06-01 10:09:31.490 [INFO] sugon_web.utils.logger: 发现未关闭的对话框，正在关闭...
-------------------------------- live log call ---------------------------------
2026-06-01 10:09:31.534 [INFO] sugon_web.utils.logger: === CALL START: test_er_create_ha ===
2026-06-01 10:09:36.945 [INFO] sugon_web.utils.logger: 已进入企业路由器列表页
2026-06-01 10:09:43.799 [INFO] sugon_web.utils.logger: 断言通过: 成功弹窗出现
2026-06-01 10:09:43.799 [INFO] sugon_web.utils.logger: 企业路由器 er-ha-autotest-nifl 创建提交成功
2026-06-01 10:09:45.816 [INFO] sugon_web.utils.logger: 开始搜索: er-ha-autotest-nifl
2026-06-01 10:09:50.202 [INFO] sugon_web.utils.logger: 搜索操作完成: er-ha-autotest-nifl
2026-06-01 10:09:50.202 [INFO] sugon_web.utils.logger: 检查列 '名称' 中是否包含关键字 'er-ha-autotest-nifl'
2026-06-01 10:09:50.205 [INFO] sugon_web.utils.logger: 未找到包含 '名称' 的可见表格，使用默认方式
2026-06-01 10:09:50.211 [INFO] sugon_web.utils.logger: 页面表头信息: ['', '名称', '项目名称', 'HA', '状态', '创建时间', '操作'], 共7个
2026-06-01 10:09:50.215 [INFO] sugon_web.utils.logger: 成功获取表格行，共1行
2026-06-01 10:09:50.215 [INFO] sugon_web.utils.logger: 表头 '名称' 的索引位置: 1
2026-06-01 10:09:50.215 [INFO] sugon_web.utils.logger: 获取到的数据行共1行
2026-06-01 10:09:50.220 [INFO] sugon_web.utils.logger: 获取到的列数据共1条: ['er-ha-autotest-nifl']
2026-06-01 10:09:50.221 [INFO] sugon_web.utils.logger: 断言通过: 列表包含 'er-ha-autotest-nifl' (列: 名称)
2026-06-01 10:09:50.221 [INFO] sugon_web.utils.logger: 列表页验证成功: er-ha-autotest-nifl
